[debug] [2026-07-17T11:40:54.251Z] [Firebase Plugin] Activating Firebase extension.
[debug] [2026-07-17T11:43:11.517Z] [Firebase Plugin] requireAuthWrapper
[debug] [2026-07-17T11:43:11.520Z] > command requires scopes: ["email","openid","https://www.googleapis.com/auth/cloudplatformprojects.readonly","https://www.googleapis.com/auth/firebase","https://www.googleapis.com/auth/cloud-platform"]
[debug] [2026-07-17T11:43:11.521Z] > authorizing via signed-in user (manuelgoncalveser@gmail.com)
[debug] [2026-07-17T11:43:11.528Z] Checked if tokens are valid: true, expires at: 1784290678783
[debug] [2026-07-17T11:43:11.529Z] Checked if tokens are valid: true, expires at: 1784290678783
[debug] [2026-07-17T11:43:11.529Z] [Firebase Plugin] User found:  manuelgoncalveser@gmail.com
[info] [Firebase Plugin] (Core:Project) New user detected, fetching projects
[debug] [2026-07-17T11:43:11.532Z] Checked if tokens are valid: true, expires at: 1784290678783
[debug] [2026-07-17T11:43:11.535Z] >>> [apiv2][query] GET https://firebase.googleapis.com/v1beta1/projects pageSize=1000
[debug] [2026-07-17T11:43:11.561Z] [Firebase Plugin] VSCode notification server listening on port 40001
[info] [Firebase Plugin] Starting SQL Connect toolkit (version 3.4.15) on port 50001
[debug] [2026-07-17T11:43:14.629Z] 'fdc build' failed with error: Unable to build your SQL Connect schema and connectors (exit code 1): E0717 07:43:14.550216   16096 cmd.go:43] Error loading data connect config: could not find dataconnect.yaml in `c:\Users\manol\OneDrive\Documentos\trabajo\benserca\dataconnect`
 {"metadata":{"emulator":{"name":"dataconnect"},"message":"'fdc build' failed with error: Unable to build your SQL Connect schema and connectors (exit code 1): E0717 07:43:14.550216   16096 cmd.go:43] Error loading data connect config: could not find dataconnect.yaml in `c:\\Users\\manol\\OneDrive\\Documentos\\trabajo\\benserca\\dataconnect`\n"}}
[debug] [2026-07-17T11:43:14.631Z] Ignoring unsupported arg: auto_download {"metadata":{"emulator":{"name":"dataconnect"},"message":"Ignoring unsupported arg: auto_download"}}
[debug] [2026-07-17T11:43:14.631Z] Ignoring unsupported arg: port {"metadata":{"emulator":{"name":"dataconnect"},"message":"Ignoring unsupported arg: port"}}
[debug] [2026-07-17T11:43:14.632Z] Starting SQL Connect Emulator with command {"binary":"C:\\Users\\manol\\.cache\\firebase\\emulators\\dataconnect-emulator-3.4.15.exe","args":["--logtostderr","-v=2","dev","--listen=localhost:50001","--config_dir=c:\\Users\\manol\\OneDrive\\Documentos\\trabajo\\benserca\\dataconnect","--enable_output_schema_extensions=true","--enable_output_generated_sdk=true"],"optionalArgs":["listen","config_dir","enable_output_schema_extensions","enable_output_generated_sdk"],"joinArgs":true,"shell":false,"port":9399} {"metadata":{"emulator":{"name":"dataconnect"},"message":"Starting SQL Connect Emulator with command {\"binary\":\"C:\\\\Users\\\\manol\\\\.cache\\\\firebase\\\\emulators\\\\dataconnect-emulator-3.4.15.exe\",\"args\":[\"--logtostderr\",\"-v=2\",\"dev\",\"--listen=localhost:50001\",\"--config_dir=c:\\\\Users\\\\manol\\\\OneDrive\\\\Documentos\\\\trabajo\\\\benserca\\\\dataconnect\",\"--enable_output_schema_extensions=true\",\"--enable_output_generated_sdk=true\"],\"optionalArgs\":[\"listen\",\"config_dir\",\"enable_output_schema_extensions\",\"enable_output_generated_sdk\"],\"joinArgs\":true,\"shell\":false,\"port\":9399}"}}
[info] i  dataconnect: SQL Connect Emulator logging to dataconnect-debug.log {"metadata":{"emulator":{"name":"dataconnect"},"message":"SQL Connect Emulator logging to \u001b[1mdataconnect-debug.log\u001b[22m"}}
[debug] [2026-07-17T11:43:14.819Z] E0717 07:43:14.717766    1912 dev.go:80] Failed to load initial config from "c:\\Users\\manol\\OneDrive\\Documentos\\trabajo\\benserca\\dataconnect": could not find dataconnect.yaml in `c:\Users\manol\OneDrive\Documentos\trabajo\benserca\dataconnect`
E0717 07:43:14.783457    1912 watch.go:116] watchAllDir unable to walk dir `c:\Users\manol\OneDrive\Documentos\trabajo\benserca\dataconnect`: GetFileAttributesEx c:\Users\manol\OneDrive\Documentos\trabajo\benserca\dataconnect: The system cannot find the file specified.
I0717 07:43:14.816916    1912 dev.go:101] Listening on address (HTTP + gRPC): 127.0.0.1:50001
 {"metadata":{"emulator":{"name":"dataconnect"},"message":"E0717 07:43:14.717766    1912 dev.go:80] Failed to load initial config from \"c:\\\\Users\\\\manol\\\\OneDrive\\\\Documentos\\\\trabajo\\\\benserca\\\\dataconnect\": could not find dataconnect.yaml in `c:\\Users\\manol\\OneDrive\\Documentos\\trabajo\\benserca\\dataconnect`\nE0717 07:43:14.783457    1912 watch.go:116] watchAllDir unable to walk dir `c:\\Users\\manol\\OneDrive\\Documentos\\trabajo\\benserca\\dataconnect`: GetFileAttributesEx c:\\Users\\manol\\OneDrive\\Documentos\\trabajo\\benserca\\dataconnect: The system cannot find the file specified.\nI0717 07:43:14.816916    1912 dev.go:101] Listening on address (HTTP + gRPC): 127.0.0.1:50001\n"}}
[error] [Firebase Plugin] error:  {}
[debug] [2026-07-17T11:43:15.483Z] <<< [apiv2][status] GET https://firebase.googleapis.com/v1beta1/projects 200
[debug] [2026-07-17T11:43:15.484Z] <<< [apiv2][body] GET https://firebase.googleapis.com/v1beta1/projects [omitted]
[debug] [2026-07-17T11:43:24.786Z] E0717 07:43:24.786560    1912 watch.go:40] Failed to load config from "c:\\Users\\manol\\OneDrive\\Documentos\\trabajo\\benserca\\dataconnect": could not find dataconnect.yaml in `c:\Users\manol\OneDrive\Documentos\trabajo\benserca\dataconnect`
 {"metadata":{"emulator":{"name":"dataconnect"},"message":"E0717 07:43:24.786560    1912 watch.go:40] Failed to load config from \"c:\\\\Users\\\\manol\\\\OneDrive\\\\Documentos\\\\trabajo\\\\benserca\\\\dataconnect\": could not find dataconnect.yaml in `c:\\Users\\manol\\OneDrive\\Documentos\\trabajo\\benserca\\dataconnect`\n"}}
[debug] [2026-07-17T11:43:34.787Z] E0717 07:43:34.786572    1912 watch.go:40] Failed to load config from "c:\\Users\\manol\\OneDrive\\Documentos\\trabajo\\benserca\\dataconnect": could not find dataconnect.yaml in `c:\Users\manol\OneDrive\Documentos\trabajo\benserca\dataconnect`
 {"metadata":{"emulator":{"name":"dataconnect"},"message":"E0717 07:43:34.786572    1912 watch.go:40] Failed to load config from \"c:\\\\Users\\\\manol\\\\OneDrive\\\\Documentos\\\\trabajo\\\\benserca\\\\dataconnect\": could not find dataconnect.yaml in `c:\\Users\\manol\\OneDrive\\Documentos\\trabajo\\benserca\\dataconnect`\n"}}
[debug] [2026-07-17T11:43:44.787Z] E0717 07:43:44.786569    1912 watch.go:40] Failed to load config from "c:\\Users\\manol\\OneDrive\\Documentos\\trabajo\\benserca\\dataconnect": could not find dataconnect.yaml in `c:\Users\manol\OneDrive\Documentos\trabajo\benserca\dataconnect`
 {"metadata":{"emulator":{"name":"dataconnect"},"message":"E0717 07:43:44.786569    1912 watch.go:40] Failed to load config from \"c:\\\\Users\\\\manol\\\\OneDrive\\\\Documentos\\\\trabajo\\\\benserca\\\\dataconnect\": could not find dataconnect.yaml in `c:\\Users\\manol\\OneDrive\\Documentos\\trabajo\\benserca\\dataconnect`\n"}}
[debug] [2026-07-17T11:43:54.788Z] E0717 07:43:54.787367    1912 watch.go:40] Failed to load config from "c:\\Users\\manol\\OneDrive\\Documentos\\trabajo\\benserca\\dataconnect": could not find dataconnect.yaml in `c:\Users\manol\OneDrive\Documentos\trabajo\benserca\dataconnect`
 {"metadata":{"emulator":{"name":"dataconnect"},"message":"E0717 07:43:54.787367    1912 watch.go:40] Failed to load config from \"c:\\\\Users\\\\manol\\\\OneDrive\\\\Documentos\\\\trabajo\\\\benserca\\\\dataconnect\": could not find dataconnect.yaml in `c:\\Users\\manol\\OneDrive\\Documentos\\trabajo\\benserca\\dataconnect`\n"}}
[debug] [2026-07-17T11:44:04.787Z] E0717 07:44:04.787377    1912 watch.go:40] Failed to load config from "c:\\Users\\manol\\OneDrive\\Documentos\\trabajo\\benserca\\dataconnect": could not find dataconnect.yaml in `c:\Users\manol\OneDrive\Documentos\trabajo\benserca\dataconnect`
 {"metadata":{"emulator":{"name":"dataconnect"},"message":"E0717 07:44:04.787377    1912 watch.go:40] Failed to load config from \"c:\\\\Users\\\\manol\\\\OneDrive\\\\Documentos\\\\trabajo\\\\benserca\\\\dataconnect\": could not find dataconnect.yaml in `c:\\Users\\manol\\OneDrive\\Documentos\\trabajo\\benserca\\dataconnect`\n"}}
[debug] [2026-07-17T11:44:14.786Z] E0717 07:44:14.786120    1912 watch.go:116] watchAllDir unable to walk dir `c:\Users\manol\OneDrive\Documentos\trabajo\benserca\dataconnect`: GetFileAttributesEx c:\Users\manol\OneDrive\Documentos\trabajo\benserca\dataconnect: The system cannot find the file specified.
 {"metadata":{"emulator":{"name":"dataconnect"},"message":"E0717 07:44:14.786120    1912 watch.go:116] watchAllDir unable to walk dir `c:\\Users\\manol\\OneDrive\\Documentos\\trabajo\\benserca\\dataconnect`: GetFileAttributesEx c:\\Users\\manol\\OneDrive\\Documentos\\trabajo\\benserca\\dataconnect: The system cannot find the file specified.\n"}}
[debug] [2026-07-17T11:44:14.787Z] E0717 07:44:14.786120    1912 watch.go:40] Failed to load config from "c:\\Users\\manol\\OneDrive\\Documentos\\trabajo\\benserca\\dataconnect": could not find dataconnect.yaml in `c:\Users\manol\OneDrive\Documentos\trabajo\benserca\dataconnect`
 {"metadata":{"emulator":{"name":"dataconnect"},"message":"E0717 07:44:14.786120    1912 watch.go:40] Failed to load config from \"c:\\\\Users\\\\manol\\\\OneDrive\\\\Documentos\\\\trabajo\\\\benserca\\\\dataconnect\": could not find dataconnect.yaml in `c:\\Users\\manol\\OneDrive\\Documentos\\trabajo\\benserca\\dataconnect`\n"}}
[debug] [2026-07-17T11:44:24.786Z] E0717 07:44:24.786261    1912 watch.go:40] Failed to load config from "c:\\Users\\manol\\OneDrive\\Documentos\\trabajo\\benserca\\dataconnect": could not find dataconnect.yaml in `c:\Users\manol\OneDrive\Documentos\trabajo\benserca\dataconnect`
 {"metadata":{"emulator":{"name":"dataconnect"},"message":"E0717 07:44:24.786261    1912 watch.go:40] Failed to load config from \"c:\\\\Users\\\\manol\\\\OneDrive\\\\Documentos\\\\trabajo\\\\benserca\\\\dataconnect\": could not find dataconnect.yaml in `c:\\Users\\manol\\OneDrive\\Documentos\\trabajo\\benserca\\dataconnect`\n"}}
[debug] [2026-07-17T11:44:34.787Z] E0717 07:44:34.786051    1912 watch.go:40] Failed to load config from "c:\\Users\\manol\\OneDrive\\Documentos\\trabajo\\benserca\\dataconnect": could not find dataconnect.yaml in `c:\Users\manol\OneDrive\Documentos\trabajo\benserca\dataconnect`
 {"metadata":{"emulator":{"name":"dataconnect"},"message":"E0717 07:44:34.786051    1912 watch.go:40] Failed to load config from \"c:\\\\Users\\\\manol\\\\OneDrive\\\\Documentos\\\\trabajo\\\\benserca\\\\dataconnect\": could not find dataconnect.yaml in `c:\\Users\\manol\\OneDrive\\Documentos\\trabajo\\benserca\\dataconnect`\n"}}
[debug] [2026-07-17T11:44:44.788Z] E0717 07:44:44.787692    1912 watch.go:40] Failed to load config from "c:\\Users\\manol\\OneDrive\\Documentos\\trabajo\\benserca\\dataconnect": could not find dataconnect.yaml in `c:\Users\manol\OneDrive\Documentos\trabajo\benserca\dataconnect`
 {"metadata":{"emulator":{"name":"dataconnect"},"message":"E0717 07:44:44.787692    1912 watch.go:40] Failed to load config from \"c:\\\\Users\\\\manol\\\\OneDrive\\\\Documentos\\\\trabajo\\\\benserca\\\\dataconnect\": could not find dataconnect.yaml in `c:\\Users\\manol\\OneDrive\\Documentos\\trabajo\\benserca\\dataconnect`\n"}}
[debug] [2026-07-17T11:44:54.808Z] E0717 07:44:54.808500    1912 watch.go:40] Failed to load config from "c:\\Users\\manol\\OneDrive\\Documentos\\trabajo\\benserca\\dataconnect": could not find dataconnect.yaml in `c:\Users\manol\OneDrive\Documentos\trabajo\benserca\dataconnect`
 {"metadata":{"emulator":{"name":"dataconnect"},"message":"E0717 07:44:54.808500    1912 watch.go:40] Failed to load config from \"c:\\\\Users\\\\manol\\\\OneDrive\\\\Documentos\\\\trabajo\\\\benserca\\\\dataconnect\": could not find dataconnect.yaml in `c:\\Users\\manol\\OneDrive\\Documentos\\trabajo\\benserca\\dataconnect`\n"}}
[debug] [2026-07-17T11:45:04.797Z] E0717 07:45:04.797346    1912 watch.go:40] Failed to load config from "c:\\Users\\manol\\OneDrive\\Documentos\\trabajo\\benserca\\dataconnect": could not find dataconnect.yaml in `c:\Users\manol\OneDrive\Documentos\trabajo\benserca\dataconnect`
 {"metadata":{"emulator":{"name":"dataconnect"},"message":"E0717 07:45:04.797346    1912 watch.go:40] Failed to load config from \"c:\\\\Users\\\\manol\\\\OneDrive\\\\Documentos\\\\trabajo\\\\benserca\\\\dataconnect\": could not find dataconnect.yaml in `c:\\Users\\manol\\OneDrive\\Documentos\\trabajo\\benserca\\dataconnect`\n"}}
[debug] [2026-07-17T11:45:14.804Z] E0717 07:45:14.803861    1912 watch.go:40] Failed to load config from "c:\\Users\\manol\\OneDrive\\Documentos\\trabajo\\benserca\\dataconnect": could not find dataconnect.yaml in `c:\Users\manol\OneDrive\Documentos\trabajo\benserca\dataconnect`
 {"metadata":{"emulator":{"name":"dataconnect"},"message":"E0717 07:45:14.803861    1912 watch.go:40] Failed to load config from \"c:\\\\Users\\\\manol\\\\OneDrive\\\\Documentos\\\\trabajo\\\\benserca\\\\dataconnect\": could not find dataconnect.yaml in `c:\\Users\\manol\\OneDrive\\Documentos\\trabajo\\benserca\\dataconnect`\n"}}
[debug] [2026-07-17T11:45:14.810Z] E0717 07:45:14.809997    1912 watch.go:116] watchAllDir unable to walk dir `c:\Users\manol\OneDrive\Documentos\trabajo\benserca\dataconnect`: GetFileAttributesEx c:\Users\manol\OneDrive\Documentos\trabajo\benserca\dataconnect: The system cannot find the file specified.
 {"metadata":{"emulator":{"name":"dataconnect"},"message":"E0717 07:45:14.809997    1912 watch.go:116] watchAllDir unable to walk dir `c:\\Users\\manol\\OneDrive\\Documentos\\trabajo\\benserca\\dataconnect`: GetFileAttributesEx c:\\Users\\manol\\OneDrive\\Documentos\\trabajo\\benserca\\dataconnect: The system cannot find the file specified.\n"}}
[debug] [2026-07-17T11:45:24.804Z] E0717 07:45:24.804185    1912 watch.go:40] Failed to load config from "c:\\Users\\manol\\OneDrive\\Documentos\\trabajo\\benserca\\dataconnect": could not find dataconnect.yaml in `c:\Users\manol\OneDrive\Documentos\trabajo\benserca\dataconnect`
 {"metadata":{"emulator":{"name":"dataconnect"},"message":"E0717 07:45:24.804185    1912 watch.go:40] Failed to load config from \"c:\\\\Users\\\\manol\\\\OneDrive\\\\Documentos\\\\trabajo\\\\benserca\\\\dataconnect\": could not find dataconnect.yaml in `c:\\Users\\manol\\OneDrive\\Documentos\\trabajo\\benserca\\dataconnect`\n"}}
[debug] [2026-07-17T11:45:34.807Z] E0717 07:45:34.806652    1912 watch.go:40] Failed to load config from "c:\\Users\\manol\\OneDrive\\Documentos\\trabajo\\benserca\\dataconnect": could not find dataconnect.yaml in `c:\Users\manol\OneDrive\Documentos\trabajo\benserca\dataconnect`
 {"metadata":{"emulator":{"name":"dataconnect"},"message":"E0717 07:45:34.806652    1912 watch.go:40] Failed to load config from \"c:\\\\Users\\\\manol\\\\OneDrive\\\\Documentos\\\\trabajo\\\\benserca\\\\dataconnect\": could not find dataconnect.yaml in `c:\\Users\\manol\\OneDrive\\Documentos\\trabajo\\benserca\\dataconnect`\n"}}
[debug] [2026-07-17T11:45:44.789Z] E0717 07:45:44.790221    1912 watch.go:40] Failed to load config from "c:\\Users\\manol\\OneDrive\\Documentos\\trabajo\\benserca\\dataconnect": could not find dataconnect.yaml in `c:\Users\manol\OneDrive\Documentos\trabajo\benserca\dataconnect`
 {"metadata":{"emulator":{"name":"dataconnect"},"message":"E0717 07:45:44.790221    1912 watch.go:40] Failed to load config from \"c:\\\\Users\\\\manol\\\\OneDrive\\\\Documentos\\\\trabajo\\\\benserca\\\\dataconnect\": could not find dataconnect.yaml in `c:\\Users\\manol\\OneDrive\\Documentos\\trabajo\\benserca\\dataconnect`\n"}}
[debug] [2026-07-17T11:45:54.787Z] E0717 07:45:54.787407    1912 watch.go:40] Failed to load config from "c:\\Users\\manol\\OneDrive\\Documentos\\trabajo\\benserca\\dataconnect": could not find dataconnect.yaml in `c:\Users\manol\OneDrive\Documentos\trabajo\benserca\dataconnect`
 {"metadata":{"emulator":{"name":"dataconnect"},"message":"E0717 07:45:54.787407    1912 watch.go:40] Failed to load config from \"c:\\\\Users\\\\manol\\\\OneDrive\\\\Documentos\\\\trabajo\\\\benserca\\\\dataconnect\": could not find dataconnect.yaml in `c:\\Users\\manol\\OneDrive\\Documentos\\trabajo\\benserca\\dataconnect`\n"}}
[debug] [2026-07-17T11:46:04.786Z] E0717 07:46:04.786283    1912 watch.go:40] Failed to load config from "c:\\Users\\manol\\OneDrive\\Documentos\\trabajo\\benserca\\dataconnect": could not find dataconnect.yaml in `c:\Users\manol\OneDrive\Documentos\trabajo\benserca\dataconnect`
 {"metadata":{"emulator":{"name":"dataconnect"},"message":"E0717 07:46:04.786283    1912 watch.go:40] Failed to load config from \"c:\\\\Users\\\\manol\\\\OneDrive\\\\Documentos\\\\trabajo\\\\benserca\\\\dataconnect\": could not find dataconnect.yaml in `c:\\Users\\manol\\OneDrive\\Documentos\\trabajo\\benserca\\dataconnect`\n"}}
[debug] [2026-07-17T11:46:14.797Z] E0717 07:46:14.797818    1912 watch.go:116] watchAllDir unable to walk dir `c:\Users\manol\OneDrive\Documentos\trabajo\benserca\dataconnect`: GetFileAttributesEx c:\Users\manol\OneDrive\Documentos\trabajo\benserca\dataconnect: The system cannot find the file specified.
 {"metadata":{"emulator":{"name":"dataconnect"},"message":"E0717 07:46:14.797818    1912 watch.go:116] watchAllDir unable to walk dir `c:\\Users\\manol\\OneDrive\\Documentos\\trabajo\\benserca\\dataconnect`: GetFileAttributesEx c:\\Users\\manol\\OneDrive\\Documentos\\trabajo\\benserca\\dataconnect: The system cannot find the file specified.\n"}}
[debug] [2026-07-17T11:46:14.798Z] E0717 07:46:14.797818    1912 watch.go:40] Failed to load config from "c:\\Users\\manol\\OneDrive\\Documentos\\trabajo\\benserca\\dataconnect": could not find dataconnect.yaml in `c:\Users\manol\OneDrive\Documentos\trabajo\benserca\dataconnect`
 {"metadata":{"emulator":{"name":"dataconnect"},"message":"E0717 07:46:14.797818    1912 watch.go:40] Failed to load config from \"c:\\\\Users\\\\manol\\\\OneDrive\\\\Documentos\\\\trabajo\\\\benserca\\\\dataconnect\": could not find dataconnect.yaml in `c:\\Users\\manol\\OneDrive\\Documentos\\trabajo\\benserca\\dataconnect`\n"}}
[debug] [2026-07-17T11:46:24.788Z] E0717 07:46:24.788536    1912 watch.go:40] Failed to load config from "c:\\Users\\manol\\OneDrive\\Documentos\\trabajo\\benserca\\dataconnect": could not find dataconnect.yaml in `c:\Users\manol\OneDrive\Documentos\trabajo\benserca\dataconnect`
 {"metadata":{"emulator":{"name":"dataconnect"},"message":"E0717 07:46:24.788536    1912 watch.go:40] Failed to load config from \"c:\\\\Users\\\\manol\\\\OneDrive\\\\Documentos\\\\trabajo\\\\benserca\\\\dataconnect\": could not find dataconnect.yaml in `c:\\Users\\manol\\OneDrive\\Documentos\\trabajo\\benserca\\dataconnect`\n"}}
[debug] [2026-07-17T11:46:34.786Z] E0717 07:46:34.786571    1912 watch.go:40] Failed to load config from "c:\\Users\\manol\\OneDrive\\Documentos\\trabajo\\benserca\\dataconnect": could not find dataconnect.yaml in `c:\Users\manol\OneDrive\Documentos\trabajo\benserca\dataconnect`
 {"metadata":{"emulator":{"name":"dataconnect"},"message":"E0717 07:46:34.786571    1912 watch.go:40] Failed to load config from \"c:\\\\Users\\\\manol\\\\OneDrive\\\\Documentos\\\\trabajo\\\\benserca\\\\dataconnect\": could not find dataconnect.yaml in `c:\\Users\\manol\\OneDrive\\Documentos\\trabajo\\benserca\\dataconnect`\n"}}
[debug] [2026-07-17T11:46:44.804Z] E0717 07:46:44.804477    1912 watch.go:40] Failed to load config from "c:\\Users\\manol\\OneDrive\\Documentos\\trabajo\\benserca\\dataconnect": could not find dataconnect.yaml in `c:\Users\manol\OneDrive\Documentos\trabajo\benserca\dataconnect`
 {"metadata":{"emulator":{"name":"dataconnect"},"message":"E0717 07:46:44.804477    1912 watch.go:40] Failed to load config from \"c:\\\\Users\\\\manol\\\\OneDrive\\\\Documentos\\\\trabajo\\\\benserca\\\\dataconnect\": could not find dataconnect.yaml in `c:\\Users\\manol\\OneDrive\\Documentos\\trabajo\\benserca\\dataconnect`\n"}}
[debug] [2026-07-17T11:46:54.808Z] E0717 07:46:54.808289    1912 watch.go:40] Failed to load config from "c:\\Users\\manol\\OneDrive\\Documentos\\trabajo\\benserca\\dataconnect": could not find dataconnect.yaml in `c:\Users\manol\OneDrive\Documentos\trabajo\benserca\dataconnect`
 {"metadata":{"emulator":{"name":"dataconnect"},"message":"E0717 07:46:54.808289    1912 watch.go:40] Failed to load config from \"c:\\\\Users\\\\manol\\\\OneDrive\\\\Documentos\\\\trabajo\\\\benserca\\\\dataconnect\": could not find dataconnect.yaml in `c:\\Users\\manol\\OneDrive\\Documentos\\trabajo\\benserca\\dataconnect`\n"}}
[debug] [2026-07-17T11:47:04.786Z] E0717 07:47:04.787267    1912 watch.go:40] Failed to load config from "c:\\Users\\manol\\OneDrive\\Documentos\\trabajo\\benserca\\dataconnect": could not find dataconnect.yaml in `c:\Users\manol\OneDrive\Documentos\trabajo\benserca\dataconnect`
 {"metadata":{"emulator":{"name":"dataconnect"},"message":"E0717 07:47:04.787267    1912 watch.go:40] Failed to load config from \"c:\\\\Users\\\\manol\\\\OneDrive\\\\Documentos\\\\trabajo\\\\benserca\\\\dataconnect\": could not find dataconnect.yaml in `c:\\Users\\manol\\OneDrive\\Documentos\\trabajo\\benserca\\dataconnect`\n"}}
[debug] [2026-07-17T11:47:14.787Z] E0717 07:47:14.786898    1912 watch.go:40] Failed to load config from "c:\\Users\\manol\\OneDrive\\Documentos\\trabajo\\benserca\\dataconnect": could not find dataconnect.yaml in `c:\Users\manol\OneDrive\Documentos\trabajo\benserca\dataconnect`
E0717 07:47:14.786388    1912 watch.go:116] watchAllDir unable to walk dir `c:\Users\manol\OneDrive\Documentos\trabajo\benserca\dataconnect`: GetFileAttributesEx c:\Users\manol\OneDrive\Documentos\trabajo\benserca\dataconnect: The system cannot find the file specified.
 {"metadata":{"emulator":{"name":"dataconnect"},"message":"E0717 07:47:14.786898    1912 watch.go:40] Failed to load config from \"c:\\\\Users\\\\manol\\\\OneDrive\\\\Documentos\\\\trabajo\\\\benserca\\\\dataconnect\": could not find dataconnect.yaml in `c:\\Users\\manol\\OneDrive\\Documentos\\trabajo\\benserca\\dataconnect`\nE0717 07:47:14.786388    1912 watch.go:116] watchAllDir unable to walk dir `c:\\Users\\manol\\OneDrive\\Documentos\\trabajo\\benserca\\dataconnect`: GetFileAttributesEx c:\\Users\\manol\\OneDrive\\Documentos\\trabajo\\benserca\\dataconnect: The system cannot find the file specified.\n"}}
[debug] [2026-07-17T11:47:24.800Z] E0717 07:47:24.799680    1912 watch.go:40] Failed to load config from "c:\\Users\\manol\\OneDrive\\Documentos\\trabajo\\benserca\\dataconnect": could not find dataconnect.yaml in `c:\Users\manol\OneDrive\Documentos\trabajo\benserca\dataconnect`
 {"metadata":{"emulator":{"name":"dataconnect"},"message":"E0717 07:47:24.799680    1912 watch.go:40] Failed to load config from \"c:\\\\Users\\\\manol\\\\OneDrive\\\\Documentos\\\\trabajo\\\\benserca\\\\dataconnect\": could not find dataconnect.yaml in `c:\\Users\\manol\\OneDrive\\Documentos\\trabajo\\benserca\\dataconnect`\n"}}
[debug] [2026-07-17T11:47:34.787Z] E0717 07:47:34.787089    1912 watch.go:40] Failed to load config from "c:\\Users\\manol\\OneDrive\\Documentos\\trabajo\\benserca\\dataconnect": could not find dataconnect.yaml in `c:\Users\manol\OneDrive\Documentos\trabajo\benserca\dataconnect`
 {"metadata":{"emulator":{"name":"dataconnect"},"message":"E0717 07:47:34.787089    1912 watch.go:40] Failed to load config from \"c:\\\\Users\\\\manol\\\\OneDrive\\\\Documentos\\\\trabajo\\\\benserca\\\\dataconnect\": could not find dataconnect.yaml in `c:\\Users\\manol\\OneDrive\\Documentos\\trabajo\\benserca\\dataconnect`\n"}}
[debug] [2026-07-17T11:47:44.794Z] E0717 07:47:44.794540    1912 watch.go:40] Failed to load config from "c:\\Users\\manol\\OneDrive\\Documentos\\trabajo\\benserca\\dataconnect": could not find dataconnect.yaml in `c:\Users\manol\OneDrive\Documentos\trabajo\benserca\dataconnect`
 {"metadata":{"emulator":{"name":"dataconnect"},"message":"E0717 07:47:44.794540    1912 watch.go:40] Failed to load config from \"c:\\\\Users\\\\manol\\\\OneDrive\\\\Documentos\\\\trabajo\\\\benserca\\\\dataconnect\": could not find dataconnect.yaml in `c:\\Users\\manol\\OneDrive\\Documentos\\trabajo\\benserca\\dataconnect`\n"}}
[debug] [2026-07-17T11:47:54.792Z] E0717 07:47:54.792190    1912 watch.go:40] Failed to load config from "c:\\Users\\manol\\OneDrive\\Documentos\\trabajo\\benserca\\dataconnect": could not find dataconnect.yaml in `c:\Users\manol\OneDrive\Documentos\trabajo\benserca\dataconnect`
 {"metadata":{"emulator":{"name":"dataconnect"},"message":"E0717 07:47:54.792190    1912 watch.go:40] Failed to load config from \"c:\\\\Users\\\\manol\\\\OneDrive\\\\Documentos\\\\trabajo\\\\benserca\\\\dataconnect\": could not find dataconnect.yaml in `c:\\Users\\manol\\OneDrive\\Documentos\\trabajo\\benserca\\dataconnect`\n"}}
[debug] [2026-07-17T11:48:04.809Z] E0717 07:48:04.808868    1912 watch.go:40] Failed to load config from "c:\\Users\\manol\\OneDrive\\Documentos\\trabajo\\benserca\\dataconnect": could not find dataconnect.yaml in `c:\Users\manol\OneDrive\Documentos\trabajo\benserca\dataconnect`
 {"metadata":{"emulator":{"name":"dataconnect"},"message":"E0717 07:48:04.808868    1912 watch.go:40] Failed to load config from \"c:\\\\Users\\\\manol\\\\OneDrive\\\\Documentos\\\\trabajo\\\\benserca\\\\dataconnect\": could not find dataconnect.yaml in `c:\\Users\\manol\\OneDrive\\Documentos\\trabajo\\benserca\\dataconnect`\n"}}
[debug] [2026-07-17T11:48:14.789Z] E0717 07:48:14.789890    1912 watch.go:116] watchAllDir unable to walk dir `c:\Users\manol\OneDrive\Documentos\trabajo\benserca\dataconnect`: GetFileAttributesEx c:\Users\manol\OneDrive\Documentos\trabajo\benserca\dataconnect: The system cannot find the file specified.
 {"metadata":{"emulator":{"name":"dataconnect"},"message":"E0717 07:48:14.789890    1912 watch.go:116] watchAllDir unable to walk dir `c:\\Users\\manol\\OneDrive\\Documentos\\trabajo\\benserca\\dataconnect`: GetFileAttributesEx c:\\Users\\manol\\OneDrive\\Documentos\\trabajo\\benserca\\dataconnect: The system cannot find the file specified.\n"}}
[debug] [2026-07-17T11:48:14.791Z] E0717 07:48:14.791889    1912 watch.go:40] Failed to load config from "c:\\Users\\manol\\OneDrive\\Documentos\\trabajo\\benserca\\dataconnect": could not find dataconnect.yaml in `c:\Users\manol\OneDrive\Documentos\trabajo\benserca\dataconnect`
 {"metadata":{"emulator":{"name":"dataconnect"},"message":"E0717 07:48:14.791889    1912 watch.go:40] Failed to load config from \"c:\\\\Users\\\\manol\\\\OneDrive\\\\Documentos\\\\trabajo\\\\benserca\\\\dataconnect\": could not find dataconnect.yaml in `c:\\Users\\manol\\OneDrive\\Documentos\\trabajo\\benserca\\dataconnect`\n"}}
[debug] [2026-07-17T11:48:24.792Z] E0717 07:48:24.792387    1912 watch.go:40] Failed to load config from "c:\\Users\\manol\\OneDrive\\Documentos\\trabajo\\benserca\\dataconnect": could not find dataconnect.yaml in `c:\Users\manol\OneDrive\Documentos\trabajo\benserca\dataconnect`
 {"metadata":{"emulator":{"name":"dataconnect"},"message":"E0717 07:48:24.792387    1912 watch.go:40] Failed to load config from \"c:\\\\Users\\\\manol\\\\OneDrive\\\\Documentos\\\\trabajo\\\\benserca\\\\dataconnect\": could not find dataconnect.yaml in `c:\\Users\\manol\\OneDrive\\Documentos\\trabajo\\benserca\\dataconnect`\n"}}
[debug] [2026-07-17T11:48:34.788Z] E0717 07:48:34.788208    1912 watch.go:40] Failed to load config from "c:\\Users\\manol\\OneDrive\\Documentos\\trabajo\\benserca\\dataconnect": could not find dataconnect.yaml in `c:\Users\manol\OneDrive\Documentos\trabajo\benserca\dataconnect`
 {"metadata":{"emulator":{"name":"dataconnect"},"message":"E0717 07:48:34.788208    1912 watch.go:40] Failed to load config from \"c:\\\\Users\\\\manol\\\\OneDrive\\\\Documentos\\\\trabajo\\\\benserca\\\\dataconnect\": could not find dataconnect.yaml in `c:\\Users\\manol\\OneDrive\\Documentos\\trabajo\\benserca\\dataconnect`\n"}}
[debug] [2026-07-17T11:48:44.789Z] E0717 07:48:44.790199    1912 watch.go:40] Failed to load config from "c:\\Users\\manol\\OneDrive\\Documentos\\trabajo\\benserca\\dataconnect": could not find dataconnect.yaml in `c:\Users\manol\OneDrive\Documentos\trabajo\benserca\dataconnect`
 {"metadata":{"emulator":{"name":"dataconnect"},"message":"E0717 07:48:44.790199    1912 watch.go:40] Failed to load config from \"c:\\\\Users\\\\manol\\\\OneDrive\\\\Documentos\\\\trabajo\\\\benserca\\\\dataconnect\": could not find dataconnect.yaml in `c:\\Users\\manol\\OneDrive\\Documentos\\trabajo\\benserca\\dataconnect`\n"}}
[debug] [2026-07-17T11:48:54.794Z] E0717 07:48:54.794032    1912 watch.go:40] Failed to load config from "c:\\Users\\manol\\OneDrive\\Documentos\\trabajo\\benserca\\dataconnect": could not find dataconnect.yaml in `c:\Users\manol\OneDrive\Documentos\trabajo\benserca\dataconnect`
 {"metadata":{"emulator":{"name":"dataconnect"},"message":"E0717 07:48:54.794032    1912 watch.go:40] Failed to load config from \"c:\\\\Users\\\\manol\\\\OneDrive\\\\Documentos\\\\trabajo\\\\benserca\\\\dataconnect\": could not find dataconnect.yaml in `c:\\Users\\manol\\OneDrive\\Documentos\\trabajo\\benserca\\dataconnect`\n"}}
[debug] [2026-07-17T11:49:04.798Z] E0717 07:49:04.795622    1912 watch.go:40] Failed to load config from "c:\\Users\\manol\\OneDrive\\Documentos\\trabajo\\benserca\\dataconnect": could not find dataconnect.yaml in `c:\Users\manol\OneDrive\Documentos\trabajo\benserca\dataconnect`
 {"metadata":{"emulator":{"name":"dataconnect"},"message":"E0717 07:49:04.795622    1912 watch.go:40] Failed to load config from \"c:\\\\Users\\\\manol\\\\OneDrive\\\\Documentos\\\\trabajo\\\\benserca\\\\dataconnect\": could not find dataconnect.yaml in `c:\\Users\\manol\\OneDrive\\Documentos\\trabajo\\benserca\\dataconnect`\n"}}
[debug] [2026-07-17T11:49:14.799Z] E0717 07:49:14.799566    1912 watch.go:116] watchAllDir unable to walk dir `c:\Users\manol\OneDrive\Documentos\trabajo\benserca\dataconnect`: GetFileAttributesEx c:\Users\manol\OneDrive\Documentos\trabajo\benserca\dataconnect: The system cannot find the file specified.
 {"metadata":{"emulator":{"name":"dataconnect"},"message":"E0717 07:49:14.799566    1912 watch.go:116] watchAllDir unable to walk dir `c:\\Users\\manol\\OneDrive\\Documentos\\trabajo\\benserca\\dataconnect`: GetFileAttributesEx c:\\Users\\manol\\OneDrive\\Documentos\\trabajo\\benserca\\dataconnect: The system cannot find the file specified.\n"}}
[debug] [2026-07-17T11:49:14.801Z] E0717 07:49:14.800569    1912 watch.go:40] Failed to load config from "c:\\Users\\manol\\OneDrive\\Documentos\\trabajo\\benserca\\dataconnect": could not find dataconnect.yaml in `c:\Users\manol\OneDrive\Documentos\trabajo\benserca\dataconnect`
 {"metadata":{"emulator":{"name":"dataconnect"},"message":"E0717 07:49:14.800569    1912 watch.go:40] Failed to load config from \"c:\\\\Users\\\\manol\\\\OneDrive\\\\Documentos\\\\trabajo\\\\benserca\\\\dataconnect\": could not find dataconnect.yaml in `c:\\Users\\manol\\OneDrive\\Documentos\\trabajo\\benserca\\dataconnect`\n"}}
[debug] [2026-07-17T11:49:24.794Z] E0717 07:49:24.794419    1912 watch.go:40] Failed to load config from "c:\\Users\\manol\\OneDrive\\Documentos\\trabajo\\benserca\\dataconnect": could not find dataconnect.yaml in `c:\Users\manol\OneDrive\Documentos\trabajo\benserca\dataconnect`
 {"metadata":{"emulator":{"name":"dataconnect"},"message":"E0717 07:49:24.794419    1912 watch.go:40] Failed to load config from \"c:\\\\Users\\\\manol\\\\OneDrive\\\\Documentos\\\\trabajo\\\\benserca\\\\dataconnect\": could not find dataconnect.yaml in `c:\\Users\\manol\\OneDrive\\Documentos\\trabajo\\benserca\\dataconnect`\n"}}
[debug] [2026-07-17T11:49:34.791Z] E0717 07:49:34.791558    1912 watch.go:40] Failed to load config from "c:\\Users\\manol\\OneDrive\\Documentos\\trabajo\\benserca\\dataconnect": could not find dataconnect.yaml in `c:\Users\manol\OneDrive\Documentos\trabajo\benserca\dataconnect`
 {"metadata":{"emulator":{"name":"dataconnect"},"message":"E0717 07:49:34.791558    1912 watch.go:40] Failed to load config from \"c:\\\\Users\\\\manol\\\\OneDrive\\\\Documentos\\\\trabajo\\\\benserca\\\\dataconnect\": could not find dataconnect.yaml in `c:\\Users\\manol\\OneDrive\\Documentos\\trabajo\\benserca\\dataconnect`\n"}}
[debug] [2026-07-17T11:49:44.854Z] E0717 07:49:44.791270    1912 watch.go:40] Failed to load config from "c:\\Users\\manol\\OneDrive\\Documentos\\trabajo\\benserca\\dataconnect": could not find dataconnect.yaml in `c:\Users\manol\OneDrive\Documentos\trabajo\benserca\dataconnect`
 {"metadata":{"emulator":{"name":"dataconnect"},"message":"E0717 07:49:44.791270    1912 watch.go:40] Failed to load config from \"c:\\\\Users\\\\manol\\\\OneDrive\\\\Documentos\\\\trabajo\\\\benserca\\\\dataconnect\": could not find dataconnect.yaml in `c:\\Users\\manol\\OneDrive\\Documentos\\trabajo\\benserca\\dataconnect`\n"}}
[debug] [2026-07-17T11:49:54.789Z] E0717 07:49:54.789498    1912 watch.go:40] Failed to load config from "c:\\Users\\manol\\OneDrive\\Documentos\\trabajo\\benserca\\dataconnect": could not find dataconnect.yaml in `c:\Users\manol\OneDrive\Documentos\trabajo\benserca\dataconnect`
 {"metadata":{"emulator":{"name":"dataconnect"},"message":"E0717 07:49:54.789498    1912 watch.go:40] Failed to load config from \"c:\\\\Users\\\\manol\\\\OneDrive\\\\Documentos\\\\trabajo\\\\benserca\\\\dataconnect\": could not find dataconnect.yaml in `c:\\Users\\manol\\OneDrive\\Documentos\\trabajo\\benserca\\dataconnect`\n"}}
[debug] [2026-07-17T11:50:04.787Z] E0717 07:50:04.787268    1912 watch.go:40] Failed to load config from "c:\\Users\\manol\\OneDrive\\Documentos\\trabajo\\benserca\\dataconnect": could not find dataconnect.yaml in `c:\Users\manol\OneDrive\Documentos\trabajo\benserca\dataconnect`
 {"metadata":{"emulator":{"name":"dataconnect"},"message":"E0717 07:50:04.787268    1912 watch.go:40] Failed to load config from \"c:\\\\Users\\\\manol\\\\OneDrive\\\\Documentos\\\\trabajo\\\\benserca\\\\dataconnect\": could not find dataconnect.yaml in `c:\\Users\\manol\\OneDrive\\Documentos\\trabajo\\benserca\\dataconnect`\n"}}
[debug] [2026-07-17T11:50:14.805Z] E0717 07:50:14.805544    1912 watch.go:116] watchAllDir unable to walk dir `c:\Users\manol\OneDrive\Documentos\trabajo\benserca\dataconnect`: GetFileAttributesEx c:\Users\manol\OneDrive\Documentos\trabajo\benserca\dataconnect: The system cannot find the file specified.
 {"metadata":{"emulator":{"name":"dataconnect"},"message":"E0717 07:50:14.805544    1912 watch.go:116] watchAllDir unable to walk dir `c:\\Users\\manol\\OneDrive\\Documentos\\trabajo\\benserca\\dataconnect`: GetFileAttributesEx c:\\Users\\manol\\OneDrive\\Documentos\\trabajo\\benserca\\dataconnect: The system cannot find the file specified.\n"}}
[debug] [2026-07-17T11:50:14.815Z] E0717 07:50:14.809560    1912 watch.go:40] Failed to load config from "c:\\Users\\manol\\OneDrive\\Documentos\\trabajo\\benserca\\dataconnect": could not find dataconnect.yaml in `c:\Users\manol\OneDrive\Documentos\trabajo\benserca\dataconnect`
 {"metadata":{"emulator":{"name":"dataconnect"},"message":"E0717 07:50:14.809560    1912 watch.go:40] Failed to load config from \"c:\\\\Users\\\\manol\\\\OneDrive\\\\Documentos\\\\trabajo\\\\benserca\\\\dataconnect\": could not find dataconnect.yaml in `c:\\Users\\manol\\OneDrive\\Documentos\\trabajo\\benserca\\dataconnect`\n"}}
[debug] [2026-07-17T11:50:24.791Z] E0717 07:50:24.789882    1912 watch.go:40] Failed to load config from "c:\\Users\\manol\\OneDrive\\Documentos\\trabajo\\benserca\\dataconnect": could not find dataconnect.yaml in `c:\Users\manol\OneDrive\Documentos\trabajo\benserca\dataconnect`
 {"metadata":{"emulator":{"name":"dataconnect"},"message":"E0717 07:50:24.789882    1912 watch.go:40] Failed to load config from \"c:\\\\Users\\\\manol\\\\OneDrive\\\\Documentos\\\\trabajo\\\\benserca\\\\dataconnect\": could not find dataconnect.yaml in `c:\\Users\\manol\\OneDrive\\Documentos\\trabajo\\benserca\\dataconnect`\n"}}
[debug] [2026-07-17T11:50:34.796Z] E0717 07:50:34.795506    1912 watch.go:40] Failed to load config from "c:\\Users\\manol\\OneDrive\\Documentos\\trabajo\\benserca\\dataconnect": could not find dataconnect.yaml in `c:\Users\manol\OneDrive\Documentos\trabajo\benserca\dataconnect`
 {"metadata":{"emulator":{"name":"dataconnect"},"message":"E0717 07:50:34.795506    1912 watch.go:40] Failed to load config from \"c:\\\\Users\\\\manol\\\\OneDrive\\\\Documentos\\\\trabajo\\\\benserca\\\\dataconnect\": could not find dataconnect.yaml in `c:\\Users\\manol\\OneDrive\\Documentos\\trabajo\\benserca\\dataconnect`\n"}}
[debug] [2026-07-17T11:50:44.811Z] E0717 07:50:44.810925    1912 watch.go:40] Failed to load config from "c:\\Users\\manol\\OneDrive\\Documentos\\trabajo\\benserca\\dataconnect": could not find dataconnect.yaml in `c:\Users\manol\OneDrive\Documentos\trabajo\benserca\dataconnect`
 {"metadata":{"emulator":{"name":"dataconnect"},"message":"E0717 07:50:44.810925    1912 watch.go:40] Failed to load config from \"c:\\\\Users\\\\manol\\\\OneDrive\\\\Documentos\\\\trabajo\\\\benserca\\\\dataconnect\": could not find dataconnect.yaml in `c:\\Users\\manol\\OneDrive\\Documentos\\trabajo\\benserca\\dataconnect`\n"}}
[debug] [2026-07-17T11:50:54.790Z] E0717 07:50:54.790312    1912 watch.go:40] Failed to load config from "c:\\Users\\manol\\OneDrive\\Documentos\\trabajo\\benserca\\dataconnect": could not find dataconnect.yaml in `c:\Users\manol\OneDrive\Documentos\trabajo\benserca\dataconnect`
 {"metadata":{"emulator":{"name":"dataconnect"},"message":"E0717 07:50:54.790312    1912 watch.go:40] Failed to load config from \"c:\\\\Users\\\\manol\\\\OneDrive\\\\Documentos\\\\trabajo\\\\benserca\\\\dataconnect\": could not find dataconnect.yaml in `c:\\Users\\manol\\OneDrive\\Documentos\\trabajo\\benserca\\dataconnect`\n"}}
[debug] [2026-07-17T11:51:04.829Z] E0717 07:51:04.801752    1912 watch.go:40] Failed to load config from "c:\\Users\\manol\\OneDrive\\Documentos\\trabajo\\benserca\\dataconnect": could not find dataconnect.yaml in `c:\Users\manol\OneDrive\Documentos\trabajo\benserca\dataconnect`
 {"metadata":{"emulator":{"name":"dataconnect"},"message":"E0717 07:51:04.801752    1912 watch.go:40] Failed to load config from \"c:\\\\Users\\\\manol\\\\OneDrive\\\\Documentos\\\\trabajo\\\\benserca\\\\dataconnect\": could not find dataconnect.yaml in `c:\\Users\\manol\\OneDrive\\Documentos\\trabajo\\benserca\\dataconnect`\n"}}
[debug] [2026-07-17T11:51:14.842Z] E0717 07:51:14.796757    1912 watch.go:116] watchAllDir unable to walk dir `c:\Users\manol\OneDrive\Documentos\trabajo\benserca\dataconnect`: GetFileAttributesEx c:\Users\manol\OneDrive\Documentos\trabajo\benserca\dataconnect: The system cannot find the file specified.
 {"metadata":{"emulator":{"name":"dataconnect"},"message":"E0717 07:51:14.796757    1912 watch.go:116] watchAllDir unable to walk dir `c:\\Users\\manol\\OneDrive\\Documentos\\trabajo\\benserca\\dataconnect`: GetFileAttributesEx c:\\Users\\manol\\OneDrive\\Documentos\\trabajo\\benserca\\dataconnect: The system cannot find the file specified.\n"}}
[debug] [2026-07-17T11:51:14.860Z] E0717 07:51:14.848810    1912 watch.go:40] Failed to load config from "c:\\Users\\manol\\OneDrive\\Documentos\\trabajo\\benserca\\dataconnect": could not find dataconnect.yaml in `c:\Users\manol\OneDrive\Documentos\trabajo\benserca\dataconnect`
 {"metadata":{"emulator":{"name":"dataconnect"},"message":"E0717 07:51:14.848810    1912 watch.go:40] Failed to load config from \"c:\\\\Users\\\\manol\\\\OneDrive\\\\Documentos\\\\trabajo\\\\benserca\\\\dataconnect\": could not find dataconnect.yaml in `c:\\Users\\manol\\OneDrive\\Documentos\\trabajo\\benserca\\dataconnect`\n"}}
[debug] [2026-07-17T11:51:24.788Z] E0717 07:51:24.787445    1912 watch.go:40] Failed to load config from "c:\\Users\\manol\\OneDrive\\Documentos\\trabajo\\benserca\\dataconnect": could not find dataconnect.yaml in `c:\Users\manol\OneDrive\Documentos\trabajo\benserca\dataconnect`
 {"metadata":{"emulator":{"name":"dataconnect"},"message":"E0717 07:51:24.787445    1912 watch.go:40] Failed to load config from \"c:\\\\Users\\\\manol\\\\OneDrive\\\\Documentos\\\\trabajo\\\\benserca\\\\dataconnect\": could not find dataconnect.yaml in `c:\\Users\\manol\\OneDrive\\Documentos\\trabajo\\benserca\\dataconnect`\n"}}
[debug] [2026-07-17T11:51:34.790Z] E0717 07:51:34.790083    1912 watch.go:40] Failed to load config from "c:\\Users\\manol\\OneDrive\\Documentos\\trabajo\\benserca\\dataconnect": could not find dataconnect.yaml in `c:\Users\manol\OneDrive\Documentos\trabajo\benserca\dataconnect`
 {"metadata":{"emulator":{"name":"dataconnect"},"message":"E0717 07:51:34.790083    1912 watch.go:40] Failed to load config from \"c:\\\\Users\\\\manol\\\\OneDrive\\\\Documentos\\\\trabajo\\\\benserca\\\\dataconnect\": could not find dataconnect.yaml in `c:\\Users\\manol\\OneDrive\\Documentos\\trabajo\\benserca\\dataconnect`\n"}}
[debug] [2026-07-17T11:51:44.791Z] E0717 07:51:44.790690    1912 watch.go:40] Failed to load config from "c:\\Users\\manol\\OneDrive\\Documentos\\trabajo\\benserca\\dataconnect": could not find dataconnect.yaml in `c:\Users\manol\OneDrive\Documentos\trabajo\benserca\dataconnect`
 {"metadata":{"emulator":{"name":"dataconnect"},"message":"E0717 07:51:44.790690    1912 watch.go:40] Failed to load config from \"c:\\\\Users\\\\manol\\\\OneDrive\\\\Documentos\\\\trabajo\\\\benserca\\\\dataconnect\": could not find dataconnect.yaml in `c:\\Users\\manol\\OneDrive\\Documentos\\trabajo\\benserca\\dataconnect`\n"}}
[debug] [2026-07-17T11:51:54.852Z] E0717 07:51:54.792161    1912 watch.go:40] Failed to load config from "c:\\Users\\manol\\OneDrive\\Documentos\\trabajo\\benserca\\dataconnect": could not find dataconnect.yaml in `c:\Users\manol\OneDrive\Documentos\trabajo\benserca\dataconnect`
 {"metadata":{"emulator":{"name":"dataconnect"},"message":"E0717 07:51:54.792161    1912 watch.go:40] Failed to load config from \"c:\\\\Users\\\\manol\\\\OneDrive\\\\Documentos\\\\trabajo\\\\benserca\\\\dataconnect\": could not find dataconnect.yaml in `c:\\Users\\manol\\OneDrive\\Documentos\\trabajo\\benserca\\dataconnect`\n"}}
[debug] [2026-07-17T11:52:04.856Z] E0717 07:52:04.804370    1912 watch.go:40] Failed to load config from "c:\\Users\\manol\\OneDrive\\Documentos\\trabajo\\benserca\\dataconnect": could not find dataconnect.yaml in `c:\Users\manol\OneDrive\Documentos\trabajo\benserca\dataconnect`
 {"metadata":{"emulator":{"name":"dataconnect"},"message":"E0717 07:52:04.804370    1912 watch.go:40] Failed to load config from \"c:\\\\Users\\\\manol\\\\OneDrive\\\\Documentos\\\\trabajo\\\\benserca\\\\dataconnect\": could not find dataconnect.yaml in `c:\\Users\\manol\\OneDrive\\Documentos\\trabajo\\benserca\\dataconnect`\n"}}
[debug] [2026-07-17T11:52:14.787Z] E0717 07:52:14.787322    1912 watch.go:116] watchAllDir unable to walk dir `c:\Users\manol\OneDrive\Documentos\trabajo\benserca\dataconnect`: GetFileAttributesEx c:\Users\manol\OneDrive\Documentos\trabajo\benserca\dataconnect: The system cannot find the file specified.
 {"metadata":{"emulator":{"name":"dataconnect"},"message":"E0717 07:52:14.787322    1912 watch.go:116] watchAllDir unable to walk dir `c:\\Users\\manol\\OneDrive\\Documentos\\trabajo\\benserca\\dataconnect`: GetFileAttributesEx c:\\Users\\manol\\OneDrive\\Documentos\\trabajo\\benserca\\dataconnect: The system cannot find the file specified.\n"}}
[debug] [2026-07-17T11:52:14.793Z] E0717 07:52:14.788317    1912 watch.go:40] Failed to load config from "c:\\Users\\manol\\OneDrive\\Documentos\\trabajo\\benserca\\dataconnect": could not find dataconnect.yaml in `c:\Users\manol\OneDrive\Documentos\trabajo\benserca\dataconnect`
 {"metadata":{"emulator":{"name":"dataconnect"},"message":"E0717 07:52:14.788317    1912 watch.go:40] Failed to load config from \"c:\\\\Users\\\\manol\\\\OneDrive\\\\Documentos\\\\trabajo\\\\benserca\\\\dataconnect\": could not find dataconnect.yaml in `c:\\Users\\manol\\OneDrive\\Documentos\\trabajo\\benserca\\dataconnect`\n"}}
[debug] [2026-07-17T11:52:24.791Z] E0717 07:52:24.791089    1912 watch.go:40] Failed to load config from "c:\\Users\\manol\\OneDrive\\Documentos\\trabajo\\benserca\\dataconnect": could not find dataconnect.yaml in `c:\Users\manol\OneDrive\Documentos\trabajo\benserca\dataconnect`
 {"metadata":{"emulator":{"name":"dataconnect"},"message":"E0717 07:52:24.791089    1912 watch.go:40] Failed to load config from \"c:\\\\Users\\\\manol\\\\OneDrive\\\\Documentos\\\\trabajo\\\\benserca\\\\dataconnect\": could not find dataconnect.yaml in `c:\\Users\\manol\\OneDrive\\Documentos\\trabajo\\benserca\\dataconnect`\n"}}
[debug] [2026-07-17T11:52:34.790Z] E0717 07:52:34.789862    1912 watch.go:40] Failed to load config from "c:\\Users\\manol\\OneDrive\\Documentos\\trabajo\\benserca\\dataconnect": could not find dataconnect.yaml in `c:\Users\manol\OneDrive\Documentos\trabajo\benserca\dataconnect`
 {"metadata":{"emulator":{"name":"dataconnect"},"message":"E0717 07:52:34.789862    1912 watch.go:40] Failed to load config from \"c:\\\\Users\\\\manol\\\\OneDrive\\\\Documentos\\\\trabajo\\\\benserca\\\\dataconnect\": could not find dataconnect.yaml in `c:\\Users\\manol\\OneDrive\\Documentos\\trabajo\\benserca\\dataconnect`\n"}}
[debug] [2026-07-17T11:52:44.800Z] E0717 07:52:44.800658    1912 watch.go:40] Failed to load config from "c:\\Users\\manol\\OneDrive\\Documentos\\trabajo\\benserca\\dataconnect": could not find dataconnect.yaml in `c:\Users\manol\OneDrive\Documentos\trabajo\benserca\dataconnect`
 {"metadata":{"emulator":{"name":"dataconnect"},"message":"E0717 07:52:44.800658    1912 watch.go:40] Failed to load config from \"c:\\\\Users\\\\manol\\\\OneDrive\\\\Documentos\\\\trabajo\\\\benserca\\\\dataconnect\": could not find dataconnect.yaml in `c:\\Users\\manol\\OneDrive\\Documentos\\trabajo\\benserca\\dataconnect`\n"}}
[debug] [2026-07-17T11:52:54.796Z] E0717 07:52:54.795302    1912 watch.go:40] Failed to load config from "c:\\Users\\manol\\OneDrive\\Documentos\\trabajo\\benserca\\dataconnect": could not find dataconnect.yaml in `c:\Users\manol\OneDrive\Documentos\trabajo\benserca\dataconnect`
 {"metadata":{"emulator":{"name":"dataconnect"},"message":"E0717 07:52:54.795302    1912 watch.go:40] Failed to load config from \"c:\\\\Users\\\\manol\\\\OneDrive\\\\Documentos\\\\trabajo\\\\benserca\\\\dataconnect\": could not find dataconnect.yaml in `c:\\Users\\manol\\OneDrive\\Documentos\\trabajo\\benserca\\dataconnect`\n"}}
[debug] [2026-07-17T11:53:04.818Z] E0717 07:53:04.815271    1912 watch.go:40] Failed to load config from "c:\\Users\\manol\\OneDrive\\Documentos\\trabajo\\benserca\\dataconnect": could not find dataconnect.yaml in `c:\Users\manol\OneDrive\Documentos\trabajo\benserca\dataconnect`
 {"metadata":{"emulator":{"name":"dataconnect"},"message":"E0717 07:53:04.815271    1912 watch.go:40] Failed to load config from \"c:\\\\Users\\\\manol\\\\OneDrive\\\\Documentos\\\\trabajo\\\\benserca\\\\dataconnect\": could not find dataconnect.yaml in `c:\\Users\\manol\\OneDrive\\Documentos\\trabajo\\benserca\\dataconnect`\n"}}
[debug] [2026-07-17T11:53:14.799Z] E0717 07:53:14.799288    1912 watch.go:116] watchAllDir unable to walk dir `c:\Users\manol\OneDrive\Documentos\trabajo\benserca\dataconnect`: GetFileAttributesEx c:\Users\manol\OneDrive\Documentos\trabajo\benserca\dataconnect: The system cannot find the file specified.
 {"metadata":{"emulator":{"name":"dataconnect"},"message":"E0717 07:53:14.799288    1912 watch.go:116] watchAllDir unable to walk dir `c:\\Users\\manol\\OneDrive\\Documentos\\trabajo\\benserca\\dataconnect`: GetFileAttributesEx c:\\Users\\manol\\OneDrive\\Documentos\\trabajo\\benserca\\dataconnect: The system cannot find the file specified.\n"}}
[debug] [2026-07-17T11:53:14.820Z] E0717 07:53:14.814855    1912 watch.go:40] Failed to load config from "c:\\Users\\manol\\OneDrive\\Documentos\\trabajo\\benserca\\dataconnect": could not find dataconnect.yaml in `c:\Users\manol\OneDrive\Documentos\trabajo\benserca\dataconnect`
 {"metadata":{"emulator":{"name":"dataconnect"},"message":"E0717 07:53:14.814855    1912 watch.go:40] Failed to load config from \"c:\\\\Users\\\\manol\\\\OneDrive\\\\Documentos\\\\trabajo\\\\benserca\\\\dataconnect\": could not find dataconnect.yaml in `c:\\Users\\manol\\OneDrive\\Documentos\\trabajo\\benserca\\dataconnect`\n"}}
[debug] [2026-07-17T11:53:24.788Z] E0717 07:53:24.788142    1912 watch.go:40] Failed to load config from "c:\\Users\\manol\\OneDrive\\Documentos\\trabajo\\benserca\\dataconnect": could not find dataconnect.yaml in `c:\Users\manol\OneDrive\Documentos\trabajo\benserca\dataconnect`
 {"metadata":{"emulator":{"name":"dataconnect"},"message":"E0717 07:53:24.788142    1912 watch.go:40] Failed to load config from \"c:\\\\Users\\\\manol\\\\OneDrive\\\\Documentos\\\\trabajo\\\\benserca\\\\dataconnect\": could not find dataconnect.yaml in `c:\\Users\\manol\\OneDrive\\Documentos\\trabajo\\benserca\\dataconnect`\n"}}
[debug] [2026-07-17T11:53:34.786Z] E0717 07:53:34.786905    1912 watch.go:40] Failed to load config from "c:\\Users\\manol\\OneDrive\\Documentos\\trabajo\\benserca\\dataconnect": could not find dataconnect.yaml in `c:\Users\manol\OneDrive\Documentos\trabajo\benserca\dataconnect`
 {"metadata":{"emulator":{"name":"dataconnect"},"message":"E0717 07:53:34.786905    1912 watch.go:40] Failed to load config from \"c:\\\\Users\\\\manol\\\\OneDrive\\\\Documentos\\\\trabajo\\\\benserca\\\\dataconnect\": could not find dataconnect.yaml in `c:\\Users\\manol\\OneDrive\\Documentos\\trabajo\\benserca\\dataconnect`\n"}}
[debug] [2026-07-17T11:53:44.785Z] E0717 07:53:44.786227    1912 watch.go:40] Failed to load config from "c:\\Users\\manol\\OneDrive\\Documentos\\trabajo\\benserca\\dataconnect": could not find dataconnect.yaml in `c:\Users\manol\OneDrive\Documentos\trabajo\benserca\dataconnect`
 {"metadata":{"emulator":{"name":"dataconnect"},"message":"E0717 07:53:44.786227    1912 watch.go:40] Failed to load config from \"c:\\\\Users\\\\manol\\\\OneDrive\\\\Documentos\\\\trabajo\\\\benserca\\\\dataconnect\": could not find dataconnect.yaml in `c:\\Users\\manol\\OneDrive\\Documentos\\trabajo\\benserca\\dataconnect`\n"}}
[debug] [2026-07-17T11:53:54.786Z] E0717 07:53:54.786956    1912 watch.go:40] Failed to load config from "c:\\Users\\manol\\OneDrive\\Documentos\\trabajo\\benserca\\dataconnect": could not find dataconnect.yaml in `c:\Users\manol\OneDrive\Documentos\trabajo\benserca\dataconnect`
 {"metadata":{"emulator":{"name":"dataconnect"},"message":"E0717 07:53:54.786956    1912 watch.go:40] Failed to load config from \"c:\\\\Users\\\\manol\\\\OneDrive\\\\Documentos\\\\trabajo\\\\benserca\\\\dataconnect\": could not find dataconnect.yaml in `c:\\Users\\manol\\OneDrive\\Documentos\\trabajo\\benserca\\dataconnect`\n"}}
[debug] [2026-07-17T11:54:04.789Z] E0717 07:54:04.789330    1912 watch.go:40] Failed to load config from "c:\\Users\\manol\\OneDrive\\Documentos\\trabajo\\benserca\\dataconnect": could not find dataconnect.yaml in `c:\Users\manol\OneDrive\Documentos\trabajo\benserca\dataconnect`
 {"metadata":{"emulator":{"name":"dataconnect"},"message":"E0717 07:54:04.789330    1912 watch.go:40] Failed to load config from \"c:\\\\Users\\\\manol\\\\OneDrive\\\\Documentos\\\\trabajo\\\\benserca\\\\dataconnect\": could not find dataconnect.yaml in `c:\\Users\\manol\\OneDrive\\Documentos\\trabajo\\benserca\\dataconnect`\n"}}
[debug] [2026-07-17T11:54:14.786Z] E0717 07:54:14.786914    1912 watch.go:116] watchAllDir unable to walk dir `c:\Users\manol\OneDrive\Documentos\trabajo\benserca\dataconnect`: GetFileAttributesEx c:\Users\manol\OneDrive\Documentos\trabajo\benserca\dataconnect: The system cannot find the file specified.
 {"metadata":{"emulator":{"name":"dataconnect"},"message":"E0717 07:54:14.786914    1912 watch.go:116] watchAllDir unable to walk dir `c:\\Users\\manol\\OneDrive\\Documentos\\trabajo\\benserca\\dataconnect`: GetFileAttributesEx c:\\Users\\manol\\OneDrive\\Documentos\\trabajo\\benserca\\dataconnect: The system cannot find the file specified.\n"}}
[debug] [2026-07-17T11:54:14.788Z] E0717 07:54:14.788686    1912 watch.go:40] Failed to load config from "c:\\Users\\manol\\OneDrive\\Documentos\\trabajo\\benserca\\dataconnect": could not find dataconnect.yaml in `c:\Users\manol\OneDrive\Documentos\trabajo\benserca\dataconnect`
 {"metadata":{"emulator":{"name":"dataconnect"},"message":"E0717 07:54:14.788686    1912 watch.go:40] Failed to load config from \"c:\\\\Users\\\\manol\\\\OneDrive\\\\Documentos\\\\trabajo\\\\benserca\\\\dataconnect\": could not find dataconnect.yaml in `c:\\Users\\manol\\OneDrive\\Documentos\\trabajo\\benserca\\dataconnect`\n"}}
[debug] [2026-07-17T11:54:24.787Z] E0717 07:54:24.787595    1912 watch.go:40] Failed to load config from "c:\\Users\\manol\\OneDrive\\Documentos\\trabajo\\benserca\\dataconnect": could not find dataconnect.yaml in `c:\Users\manol\OneDrive\Documentos\trabajo\benserca\dataconnect`
 {"metadata":{"emulator":{"name":"dataconnect"},"message":"E0717 07:54:24.787595    1912 watch.go:40] Failed to load config from \"c:\\\\Users\\\\manol\\\\OneDrive\\\\Documentos\\\\trabajo\\\\benserca\\\\dataconnect\": could not find dataconnect.yaml in `c:\\Users\\manol\\OneDrive\\Documentos\\trabajo\\benserca\\dataconnect`\n"}}
[debug] [2026-07-17T11:54:34.786Z] E0717 07:54:34.786482    1912 watch.go:40] Failed to load config from "c:\\Users\\manol\\OneDrive\\Documentos\\trabajo\\benserca\\dataconnect": could not find dataconnect.yaml in `c:\Users\manol\OneDrive\Documentos\trabajo\benserca\dataconnect`
 {"metadata":{"emulator":{"name":"dataconnect"},"message":"E0717 07:54:34.786482    1912 watch.go:40] Failed to load config from \"c:\\\\Users\\\\manol\\\\OneDrive\\\\Documentos\\\\trabajo\\\\benserca\\\\dataconnect\": could not find dataconnect.yaml in `c:\\Users\\manol\\OneDrive\\Documentos\\trabajo\\benserca\\dataconnect`\n"}}
[debug] [2026-07-17T11:54:44.788Z] E0717 07:54:44.788710    1912 watch.go:40] Failed to load config from "c:\\Users\\manol\\OneDrive\\Documentos\\trabajo\\benserca\\dataconnect": could not find dataconnect.yaml in `c:\Users\manol\OneDrive\Documentos\trabajo\benserca\dataconnect`
 {"metadata":{"emulator":{"name":"dataconnect"},"message":"E0717 07:54:44.788710    1912 watch.go:40] Failed to load config from \"c:\\\\Users\\\\manol\\\\OneDrive\\\\Documentos\\\\trabajo\\\\benserca\\\\dataconnect\": could not find dataconnect.yaml in `c:\\Users\\manol\\OneDrive\\Documentos\\trabajo\\benserca\\dataconnect`\n"}}
[debug] [2026-07-17T11:54:54.787Z] E0717 07:54:54.787222    1912 watch.go:40] Failed to load config from "c:\\Users\\manol\\OneDrive\\Documentos\\trabajo\\benserca\\dataconnect": could not find dataconnect.yaml in `c:\Users\manol\OneDrive\Documentos\trabajo\benserca\dataconnect`
 {"metadata":{"emulator":{"name":"dataconnect"},"message":"E0717 07:54:54.787222    1912 watch.go:40] Failed to load config from \"c:\\\\Users\\\\manol\\\\OneDrive\\\\Documentos\\\\trabajo\\\\benserca\\\\dataconnect\": could not find dataconnect.yaml in `c:\\Users\\manol\\OneDrive\\Documentos\\trabajo\\benserca\\dataconnect`\n"}}
[debug] [2026-07-17T11:55:04.786Z] E0717 07:55:04.787214    1912 watch.go:40] Failed to load config from "c:\\Users\\manol\\OneDrive\\Documentos\\trabajo\\benserca\\dataconnect": could not find dataconnect.yaml in `c:\Users\manol\OneDrive\Documentos\trabajo\benserca\dataconnect`
 {"metadata":{"emulator":{"name":"dataconnect"},"message":"E0717 07:55:04.787214    1912 watch.go:40] Failed to load config from \"c:\\\\Users\\\\manol\\\\OneDrive\\\\Documentos\\\\trabajo\\\\benserca\\\\dataconnect\": could not find dataconnect.yaml in `c:\\Users\\manol\\OneDrive\\Documentos\\trabajo\\benserca\\dataconnect`\n"}}
[debug] [2026-07-17T11:55:14.786Z] E0717 07:55:14.786269    1912 watch.go:116] watchAllDir unable to walk dir `c:\Users\manol\OneDrive\Documentos\trabajo\benserca\dataconnect`: GetFileAttributesEx c:\Users\manol\OneDrive\Documentos\trabajo\benserca\dataconnect: The system cannot find the file specified.
 {"metadata":{"emulator":{"name":"dataconnect"},"message":"E0717 07:55:14.786269    1912 watch.go:116] watchAllDir unable to walk dir `c:\\Users\\manol\\OneDrive\\Documentos\\trabajo\\benserca\\dataconnect`: GetFileAttributesEx c:\\Users\\manol\\OneDrive\\Documentos\\trabajo\\benserca\\dataconnect: The system cannot find the file specified.\n"}}
[debug] [2026-07-17T11:55:14.787Z] E0717 07:55:14.786779    1912 watch.go:40] Failed to load config from "c:\\Users\\manol\\OneDrive\\Documentos\\trabajo\\benserca\\dataconnect": could not find dataconnect.yaml in `c:\Users\manol\OneDrive\Documentos\trabajo\benserca\dataconnect`
 {"metadata":{"emulator":{"name":"dataconnect"},"message":"E0717 07:55:14.786779    1912 watch.go:40] Failed to load config from \"c:\\\\Users\\\\manol\\\\OneDrive\\\\Documentos\\\\trabajo\\\\benserca\\\\dataconnect\": could not find dataconnect.yaml in `c:\\Users\\manol\\OneDrive\\Documentos\\trabajo\\benserca\\dataconnect`\n"}}
[debug] [2026-07-17T11:55:24.787Z] E0717 07:55:24.787786    1912 watch.go:40] Failed to load config from "c:\\Users\\manol\\OneDrive\\Documentos\\trabajo\\benserca\\dataconnect": could not find dataconnect.yaml in `c:\Users\manol\OneDrive\Documentos\trabajo\benserca\dataconnect`
 {"metadata":{"emulator":{"name":"dataconnect"},"message":"E0717 07:55:24.787786    1912 watch.go:40] Failed to load config from \"c:\\\\Users\\\\manol\\\\OneDrive\\\\Documentos\\\\trabajo\\\\benserca\\\\dataconnect\": could not find dataconnect.yaml in `c:\\Users\\manol\\OneDrive\\Documentos\\trabajo\\benserca\\dataconnect`\n"}}
[debug] [2026-07-17T11:55:34.786Z] E0717 07:55:34.786464    1912 watch.go:40] Failed to load config from "c:\\Users\\manol\\OneDrive\\Documentos\\trabajo\\benserca\\dataconnect": could not find dataconnect.yaml in `c:\Users\manol\OneDrive\Documentos\trabajo\benserca\dataconnect`
 {"metadata":{"emulator":{"name":"dataconnect"},"message":"E0717 07:55:34.786464    1912 watch.go:40] Failed to load config from \"c:\\\\Users\\\\manol\\\\OneDrive\\\\Documentos\\\\trabajo\\\\benserca\\\\dataconnect\": could not find dataconnect.yaml in `c:\\Users\\manol\\OneDrive\\Documentos\\trabajo\\benserca\\dataconnect`\n"}}
[debug] [2026-07-17T11:55:44.788Z] E0717 07:55:44.788437    1912 watch.go:40] Failed to load config from "c:\\Users\\manol\\OneDrive\\Documentos\\trabajo\\benserca\\dataconnect": could not find dataconnect.yaml in `c:\Users\manol\OneDrive\Documentos\trabajo\benserca\dataconnect`
 {"metadata":{"emulator":{"name":"dataconnect"},"message":"E0717 07:55:44.788437    1912 watch.go:40] Failed to load config from \"c:\\\\Users\\\\manol\\\\OneDrive\\\\Documentos\\\\trabajo\\\\benserca\\\\dataconnect\": could not find dataconnect.yaml in `c:\\Users\\manol\\OneDrive\\Documentos\\trabajo\\benserca\\dataconnect`\n"}}
[debug] [2026-07-17T11:55:54.786Z] E0717 07:55:54.786837    1912 watch.go:40] Failed to load config from "c:\\Users\\manol\\OneDrive\\Documentos\\trabajo\\benserca\\dataconnect": could not find dataconnect.yaml in `c:\Users\manol\OneDrive\Documentos\trabajo\benserca\dataconnect`
 {"metadata":{"emulator":{"name":"dataconnect"},"message":"E0717 07:55:54.786837    1912 watch.go:40] Failed to load config from \"c:\\\\Users\\\\manol\\\\OneDrive\\\\Documentos\\\\trabajo\\\\benserca\\\\dataconnect\": could not find dataconnect.yaml in `c:\\Users\\manol\\OneDrive\\Documentos\\trabajo\\benserca\\dataconnect`\n"}}
[debug] [2026-07-17T11:56:04.786Z] E0717 07:56:04.786631    1912 watch.go:40] Failed to load config from "c:\\Users\\manol\\OneDrive\\Documentos\\trabajo\\benserca\\dataconnect": could not find dataconnect.yaml in `c:\Users\manol\OneDrive\Documentos\trabajo\benserca\dataconnect`
 {"metadata":{"emulator":{"name":"dataconnect"},"message":"E0717 07:56:04.786631    1912 watch.go:40] Failed to load config from \"c:\\\\Users\\\\manol\\\\OneDrive\\\\Documentos\\\\trabajo\\\\benserca\\\\dataconnect\": could not find dataconnect.yaml in `c:\\Users\\manol\\OneDrive\\Documentos\\trabajo\\benserca\\dataconnect`\n"}}
[debug] [2026-07-17T11:56:14.785Z] E0717 07:56:14.786298    1912 watch.go:116] watchAllDir unable to walk dir `c:\Users\manol\OneDrive\Documentos\trabajo\benserca\dataconnect`: GetFileAttributesEx c:\Users\manol\OneDrive\Documentos\trabajo\benserca\dataconnect: The system cannot find the file specified.
 {"metadata":{"emulator":{"name":"dataconnect"},"message":"E0717 07:56:14.786298    1912 watch.go:116] watchAllDir unable to walk dir `c:\\Users\\manol\\OneDrive\\Documentos\\trabajo\\benserca\\dataconnect`: GetFileAttributesEx c:\\Users\\manol\\OneDrive\\Documentos\\trabajo\\benserca\\dataconnect: The system cannot find the file specified.\n"}}
[debug] [2026-07-17T11:56:14.786Z] E0717 07:56:14.786298    1912 watch.go:40] Failed to load config from "c:\\Users\\manol\\OneDrive\\Documentos\\trabajo\\benserca\\dataconnect": could not find dataconnect.yaml in `c:\Users\manol\OneDrive\Documentos\trabajo\benserca\dataconnect`
 {"metadata":{"emulator":{"name":"dataconnect"},"message":"E0717 07:56:14.786298    1912 watch.go:40] Failed to load config from \"c:\\\\Users\\\\manol\\\\OneDrive\\\\Documentos\\\\trabajo\\\\benserca\\\\dataconnect\": could not find dataconnect.yaml in `c:\\Users\\manol\\OneDrive\\Documentos\\trabajo\\benserca\\dataconnect`\n"}}
[debug] [2026-07-17T11:56:24.785Z] E0717 07:56:24.786249    1912 watch.go:40] Failed to load config from "c:\\Users\\manol\\OneDrive\\Documentos\\trabajo\\benserca\\dataconnect": could not find dataconnect.yaml in `c:\Users\manol\OneDrive\Documentos\trabajo\benserca\dataconnect`
 {"metadata":{"emulator":{"name":"dataconnect"},"message":"E0717 07:56:24.786249    1912 watch.go:40] Failed to load config from \"c:\\\\Users\\\\manol\\\\OneDrive\\\\Documentos\\\\trabajo\\\\benserca\\\\dataconnect\": could not find dataconnect.yaml in `c:\\Users\\manol\\OneDrive\\Documentos\\trabajo\\benserca\\dataconnect`\n"}}
[debug] [2026-07-17T11:56:34.785Z] E0717 07:56:34.786263    1912 watch.go:40] Failed to load config from "c:\\Users\\manol\\OneDrive\\Documentos\\trabajo\\benserca\\dataconnect": could not find dataconnect.yaml in `c:\Users\manol\OneDrive\Documentos\trabajo\benserca\dataconnect`
 {"metadata":{"emulator":{"name":"dataconnect"},"message":"E0717 07:56:34.786263    1912 watch.go:40] Failed to load config from \"c:\\\\Users\\\\manol\\\\OneDrive\\\\Documentos\\\\trabajo\\\\benserca\\\\dataconnect\": could not find dataconnect.yaml in `c:\\Users\\manol\\OneDrive\\Documentos\\trabajo\\benserca\\dataconnect`\n"}}
[debug] [2026-07-17T11:56:44.786Z] E0717 07:56:44.786465    1912 watch.go:40] Failed to load config from "c:\\Users\\manol\\OneDrive\\Documentos\\trabajo\\benserca\\dataconnect": could not find dataconnect.yaml in `c:\Users\manol\OneDrive\Documentos\trabajo\benserca\dataconnect`
 {"metadata":{"emulator":{"name":"dataconnect"},"message":"E0717 07:56:44.786465    1912 watch.go:40] Failed to load config from \"c:\\\\Users\\\\manol\\\\OneDrive\\\\Documentos\\\\trabajo\\\\benserca\\\\dataconnect\": could not find dataconnect.yaml in `c:\\Users\\manol\\OneDrive\\Documentos\\trabajo\\benserca\\dataconnect`\n"}}
[debug] [2026-07-17T11:56:54.785Z] E0717 07:56:54.786443    1912 watch.go:40] Failed to load config from "c:\\Users\\manol\\OneDrive\\Documentos\\trabajo\\benserca\\dataconnect": could not find dataconnect.yaml in `c:\Users\manol\OneDrive\Documentos\trabajo\benserca\dataconnect`
 {"metadata":{"emulator":{"name":"dataconnect"},"message":"E0717 07:56:54.786443    1912 watch.go:40] Failed to load config from \"c:\\\\Users\\\\manol\\\\OneDrive\\\\Documentos\\\\trabajo\\\\benserca\\\\dataconnect\": could not find dataconnect.yaml in `c:\\Users\\manol\\OneDrive\\Documentos\\trabajo\\benserca\\dataconnect`\n"}}
[debug] [2026-07-17T11:57:04.786Z] E0717 07:57:04.786455    1912 watch.go:40] Failed to load config from "c:\\Users\\manol\\OneDrive\\Documentos\\trabajo\\benserca\\dataconnect": could not find dataconnect.yaml in `c:\Users\manol\OneDrive\Documentos\trabajo\benserca\dataconnect`
 {"metadata":{"emulator":{"name":"dataconnect"},"message":"E0717 07:57:04.786455    1912 watch.go:40] Failed to load config from \"c:\\\\Users\\\\manol\\\\OneDrive\\\\Documentos\\\\trabajo\\\\benserca\\\\dataconnect\": could not find dataconnect.yaml in `c:\\Users\\manol\\OneDrive\\Documentos\\trabajo\\benserca\\dataconnect`\n"}}
[debug] [2026-07-17T11:57:14.786Z] E0717 07:57:14.786886    1912 watch.go:116] watchAllDir unable to walk dir `c:\Users\manol\OneDrive\Documentos\trabajo\benserca\dataconnect`: GetFileAttributesEx c:\Users\manol\OneDrive\Documentos\trabajo\benserca\dataconnect: The system cannot find the file specified.
 {"metadata":{"emulator":{"name":"dataconnect"},"message":"E0717 07:57:14.786886    1912 watch.go:116] watchAllDir unable to walk dir `c:\\Users\\manol\\OneDrive\\Documentos\\trabajo\\benserca\\dataconnect`: GetFileAttributesEx c:\\Users\\manol\\OneDrive\\Documentos\\trabajo\\benserca\\dataconnect: The system cannot find the file specified.\n"}}
[debug] [2026-07-17T11:57:14.787Z] E0717 07:57:14.787437    1912 watch.go:40] Failed to load config from "c:\\Users\\manol\\OneDrive\\Documentos\\trabajo\\benserca\\dataconnect": could not find dataconnect.yaml in `c:\Users\manol\OneDrive\Documentos\trabajo\benserca\dataconnect`
 {"metadata":{"emulator":{"name":"dataconnect"},"message":"E0717 07:57:14.787437    1912 watch.go:40] Failed to load config from \"c:\\\\Users\\\\manol\\\\OneDrive\\\\Documentos\\\\trabajo\\\\benserca\\\\dataconnect\": could not find dataconnect.yaml in `c:\\Users\\manol\\OneDrive\\Documentos\\trabajo\\benserca\\dataconnect`\n"}}
[debug] [2026-07-17T11:57:24.787Z] E0717 07:57:24.786274    1912 watch.go:40] Failed to load config from "c:\\Users\\manol\\OneDrive\\Documentos\\trabajo\\benserca\\dataconnect": could not find dataconnect.yaml in `c:\Users\manol\OneDrive\Documentos\trabajo\benserca\dataconnect`
 {"metadata":{"emulator":{"name":"dataconnect"},"message":"E0717 07:57:24.786274    1912 watch.go:40] Failed to load config from \"c:\\\\Users\\\\manol\\\\OneDrive\\\\Documentos\\\\trabajo\\\\benserca\\\\dataconnect\": could not find dataconnect.yaml in `c:\\Users\\manol\\OneDrive\\Documentos\\trabajo\\benserca\\dataconnect`\n"}}
[debug] [2026-07-17T11:57:34.786Z] E0717 07:57:34.786747    1912 watch.go:40] Failed to load config from "c:\\Users\\manol\\OneDrive\\Documentos\\trabajo\\benserca\\dataconnect": could not find dataconnect.yaml in `c:\Users\manol\OneDrive\Documentos\trabajo\benserca\dataconnect`
 {"metadata":{"emulator":{"name":"dataconnect"},"message":"E0717 07:57:34.786747    1912 watch.go:40] Failed to load config from \"c:\\\\Users\\\\manol\\\\OneDrive\\\\Documentos\\\\trabajo\\\\benserca\\\\dataconnect\": could not find dataconnect.yaml in `c:\\Users\\manol\\OneDrive\\Documentos\\trabajo\\benserca\\dataconnect`\n"}}
[debug] [2026-07-17T11:57:44.786Z] E0717 07:57:44.786125    1912 watch.go:40] Failed to load config from "c:\\Users\\manol\\OneDrive\\Documentos\\trabajo\\benserca\\dataconnect": could not find dataconnect.yaml in `c:\Users\manol\OneDrive\Documentos\trabajo\benserca\dataconnect`
 {"metadata":{"emulator":{"name":"dataconnect"},"message":"E0717 07:57:44.786125    1912 watch.go:40] Failed to load config from \"c:\\\\Users\\\\manol\\\\OneDrive\\\\Documentos\\\\trabajo\\\\benserca\\\\dataconnect\": could not find dataconnect.yaml in `c:\\Users\\manol\\OneDrive\\Documentos\\trabajo\\benserca\\dataconnect`\n"}}
[debug] [2026-07-17T11:57:54.786Z] E0717 07:57:54.786753    1912 watch.go:40] Failed to load config from "c:\\Users\\manol\\OneDrive\\Documentos\\trabajo\\benserca\\dataconnect": could not find dataconnect.yaml in `c:\Users\manol\OneDrive\Documentos\trabajo\benserca\dataconnect`
 {"metadata":{"emulator":{"name":"dataconnect"},"message":"E0717 07:57:54.786753    1912 watch.go:40] Failed to load config from \"c:\\\\Users\\\\manol\\\\OneDrive\\\\Documentos\\\\trabajo\\\\benserca\\\\dataconnect\": could not find dataconnect.yaml in `c:\\Users\\manol\\OneDrive\\Documentos\\trabajo\\benserca\\dataconnect`\n"}}
[debug] [2026-07-17T11:58:04.789Z] E0717 07:58:04.788859    1912 watch.go:40] Failed to load config from "c:\\Users\\manol\\OneDrive\\Documentos\\trabajo\\benserca\\dataconnect": could not find dataconnect.yaml in `c:\Users\manol\OneDrive\Documentos\trabajo\benserca\dataconnect`
 {"metadata":{"emulator":{"name":"dataconnect"},"message":"E0717 07:58:04.788859    1912 watch.go:40] Failed to load config from \"c:\\\\Users\\\\manol\\\\OneDrive\\\\Documentos\\\\trabajo\\\\benserca\\\\dataconnect\": could not find dataconnect.yaml in `c:\\Users\\manol\\OneDrive\\Documentos\\trabajo\\benserca\\dataconnect`\n"}}
[debug] [2026-07-17T11:58:14.787Z] E0717 07:58:14.786641    1912 watch.go:40] Failed to load config from "c:\\Users\\manol\\OneDrive\\Documentos\\trabajo\\benserca\\dataconnect": could not find dataconnect.yaml in `c:\Users\manol\OneDrive\Documentos\trabajo\benserca\dataconnect`
 {"metadata":{"emulator":{"name":"dataconnect"},"message":"E0717 07:58:14.786641    1912 watch.go:40] Failed to load config from \"c:\\\\Users\\\\manol\\\\OneDrive\\\\Documentos\\\\trabajo\\\\benserca\\\\dataconnect\": could not find dataconnect.yaml in `c:\\Users\\manol\\OneDrive\\Documentos\\trabajo\\benserca\\dataconnect`\n"}}
[debug] [2026-07-17T11:58:14.788Z] E0717 07:58:14.786641    1912 watch.go:116] watchAllDir unable to walk dir `c:\Users\manol\OneDrive\Documentos\trabajo\benserca\dataconnect`: GetFileAttributesEx c:\Users\manol\OneDrive\Documentos\trabajo\benserca\dataconnect: The system cannot find the file specified.
 {"metadata":{"emulator":{"name":"dataconnect"},"message":"E0717 07:58:14.786641    1912 watch.go:116] watchAllDir unable to walk dir `c:\\Users\\manol\\OneDrive\\Documentos\\trabajo\\benserca\\dataconnect`: GetFileAttributesEx c:\\Users\\manol\\OneDrive\\Documentos\\trabajo\\benserca\\dataconnect: The system cannot find the file specified.\n"}}
[debug] [2026-07-17T11:58:24.786Z] E0717 07:58:24.786469    1912 watch.go:40] Failed to load config from "c:\\Users\\manol\\OneDrive\\Documentos\\trabajo\\benserca\\dataconnect": could not find dataconnect.yaml in `c:\Users\manol\OneDrive\Documentos\trabajo\benserca\dataconnect`
 {"metadata":{"emulator":{"name":"dataconnect"},"message":"E0717 07:58:24.786469    1912 watch.go:40] Failed to load config from \"c:\\\\Users\\\\manol\\\\OneDrive\\\\Documentos\\\\trabajo\\\\benserca\\\\dataconnect\": could not find dataconnect.yaml in `c:\\Users\\manol\\OneDrive\\Documentos\\trabajo\\benserca\\dataconnect`\n"}}
[debug] [2026-07-17T11:58:34.786Z] E0717 07:58:34.786163    1912 watch.go:40] Failed to load config from "c:\\Users\\manol\\OneDrive\\Documentos\\trabajo\\benserca\\dataconnect": could not find dataconnect.yaml in `c:\Users\manol\OneDrive\Documentos\trabajo\benserca\dataconnect`
 {"metadata":{"emulator":{"name":"dataconnect"},"message":"E0717 07:58:34.786163    1912 watch.go:40] Failed to load config from \"c:\\\\Users\\\\manol\\\\OneDrive\\\\Documentos\\\\trabajo\\\\benserca\\\\dataconnect\": could not find dataconnect.yaml in `c:\\Users\\manol\\OneDrive\\Documentos\\trabajo\\benserca\\dataconnect`\n"}}
[debug] [2026-07-17T11:58:44.786Z] E0717 07:58:44.786281    1912 watch.go:40] Failed to load config from "c:\\Users\\manol\\OneDrive\\Documentos\\trabajo\\benserca\\dataconnect": could not find dataconnect.yaml in `c:\Users\manol\OneDrive\Documentos\trabajo\benserca\dataconnect`
 {"metadata":{"emulator":{"name":"dataconnect"},"message":"E0717 07:58:44.786281    1912 watch.go:40] Failed to load config from \"c:\\\\Users\\\\manol\\\\OneDrive\\\\Documentos\\\\trabajo\\\\benserca\\\\dataconnect\": could not find dataconnect.yaml in `c:\\Users\\manol\\OneDrive\\Documentos\\trabajo\\benserca\\dataconnect`\n"}}
[debug] [2026-07-17T11:58:54.786Z] E0717 07:58:54.786269    1912 watch.go:40] Failed to load config from "c:\\Users\\manol\\OneDrive\\Documentos\\trabajo\\benserca\\dataconnect": could not find dataconnect.yaml in `c:\Users\manol\OneDrive\Documentos\trabajo\benserca\dataconnect`
 {"metadata":{"emulator":{"name":"dataconnect"},"message":"E0717 07:58:54.786269    1912 watch.go:40] Failed to load config from \"c:\\\\Users\\\\manol\\\\OneDrive\\\\Documentos\\\\trabajo\\\\benserca\\\\dataconnect\": could not find dataconnect.yaml in `c:\\Users\\manol\\OneDrive\\Documentos\\trabajo\\benserca\\dataconnect`\n"}}
[debug] [2026-07-17T11:59:04.786Z] E0717 07:59:04.786193    1912 watch.go:40] Failed to load config from "c:\\Users\\manol\\OneDrive\\Documentos\\trabajo\\benserca\\dataconnect": could not find dataconnect.yaml in `c:\Users\manol\OneDrive\Documentos\trabajo\benserca\dataconnect`
 {"metadata":{"emulator":{"name":"dataconnect"},"message":"E0717 07:59:04.786193    1912 watch.go:40] Failed to load config from \"c:\\\\Users\\\\manol\\\\OneDrive\\\\Documentos\\\\trabajo\\\\benserca\\\\dataconnect\": could not find dataconnect.yaml in `c:\\Users\\manol\\OneDrive\\Documentos\\trabajo\\benserca\\dataconnect`\n"}}
[debug] [2026-07-17T11:59:14.786Z] E0717 07:59:14.786054    1912 watch.go:116] watchAllDir unable to walk dir `c:\Users\manol\OneDrive\Documentos\trabajo\benserca\dataconnect`: GetFileAttributesEx c:\Users\manol\OneDrive\Documentos\trabajo\benserca\dataconnect: The system cannot find the file specified.
 {"metadata":{"emulator":{"name":"dataconnect"},"message":"E0717 07:59:14.786054    1912 watch.go:116] watchAllDir unable to walk dir `c:\\Users\\manol\\OneDrive\\Documentos\\trabajo\\benserca\\dataconnect`: GetFileAttributesEx c:\\Users\\manol\\OneDrive\\Documentos\\trabajo\\benserca\\dataconnect: The system cannot find the file specified.\n"}}
[debug] [2026-07-17T11:59:14.786Z] E0717 07:59:14.786054    1912 watch.go:40] Failed to load config from "c:\\Users\\manol\\OneDrive\\Documentos\\trabajo\\benserca\\dataconnect": could not find dataconnect.yaml in `c:\Users\manol\OneDrive\Documentos\trabajo\benserca\dataconnect`
 {"metadata":{"emulator":{"name":"dataconnect"},"message":"E0717 07:59:14.786054    1912 watch.go:40] Failed to load config from \"c:\\\\Users\\\\manol\\\\OneDrive\\\\Documentos\\\\trabajo\\\\benserca\\\\dataconnect\": could not find dataconnect.yaml in `c:\\Users\\manol\\OneDrive\\Documentos\\trabajo\\benserca\\dataconnect`\n"}}
[debug] [2026-07-17T11:59:24.786Z] E0717 07:59:24.786191    1912 watch.go:40] Failed to load config from "c:\\Users\\manol\\OneDrive\\Documentos\\trabajo\\benserca\\dataconnect": could not find dataconnect.yaml in `c:\Users\manol\OneDrive\Documentos\trabajo\benserca\dataconnect`
 {"metadata":{"emulator":{"name":"dataconnect"},"message":"E0717 07:59:24.786191    1912 watch.go:40] Failed to load config from \"c:\\\\Users\\\\manol\\\\OneDrive\\\\Documentos\\\\trabajo\\\\benserca\\\\dataconnect\": could not find dataconnect.yaml in `c:\\Users\\manol\\OneDrive\\Documentos\\trabajo\\benserca\\dataconnect`\n"}}
[debug] [2026-07-17T11:59:34.786Z] E0717 07:59:34.786226    1912 watch.go:40] Failed to load config from "c:\\Users\\manol\\OneDrive\\Documentos\\trabajo\\benserca\\dataconnect": could not find dataconnect.yaml in `c:\Users\manol\OneDrive\Documentos\trabajo\benserca\dataconnect`
 {"metadata":{"emulator":{"name":"dataconnect"},"message":"E0717 07:59:34.786226    1912 watch.go:40] Failed to load config from \"c:\\\\Users\\\\manol\\\\OneDrive\\\\Documentos\\\\trabajo\\\\benserca\\\\dataconnect\": could not find dataconnect.yaml in `c:\\Users\\manol\\OneDrive\\Documentos\\trabajo\\benserca\\dataconnect`\n"}}
[debug] [2026-07-17T11:59:44.786Z] E0717 07:59:44.786286    1912 watch.go:40] Failed to load config from "c:\\Users\\manol\\OneDrive\\Documentos\\trabajo\\benserca\\dataconnect": could not find dataconnect.yaml in `c:\Users\manol\OneDrive\Documentos\trabajo\benserca\dataconnect`
 {"metadata":{"emulator":{"name":"dataconnect"},"message":"E0717 07:59:44.786286    1912 watch.go:40] Failed to load config from \"c:\\\\Users\\\\manol\\\\OneDrive\\\\Documentos\\\\trabajo\\\\benserca\\\\dataconnect\": could not find dataconnect.yaml in `c:\\Users\\manol\\OneDrive\\Documentos\\trabajo\\benserca\\dataconnect`\n"}}
[debug] [2026-07-17T11:59:54.786Z] E0717 07:59:54.786048    1912 watch.go:40] Failed to load config from "c:\\Users\\manol\\OneDrive\\Documentos\\trabajo\\benserca\\dataconnect": could not find dataconnect.yaml in `c:\Users\manol\OneDrive\Documentos\trabajo\benserca\dataconnect`
 {"metadata":{"emulator":{"name":"dataconnect"},"message":"E0717 07:59:54.786048    1912 watch.go:40] Failed to load config from \"c:\\\\Users\\\\manol\\\\OneDrive\\\\Documentos\\\\trabajo\\\\benserca\\\\dataconnect\": could not find dataconnect.yaml in `c:\\Users\\manol\\OneDrive\\Documentos\\trabajo\\benserca\\dataconnect`\n"}}
[debug] [2026-07-17T12:00:04.786Z] E0717 08:00:04.786257    1912 watch.go:40] Failed to load config from "c:\\Users\\manol\\OneDrive\\Documentos\\trabajo\\benserca\\dataconnect": could not find dataconnect.yaml in `c:\Users\manol\OneDrive\Documentos\trabajo\benserca\dataconnect`
 {"metadata":{"emulator":{"name":"dataconnect"},"message":"E0717 08:00:04.786257    1912 watch.go:40] Failed to load config from \"c:\\\\Users\\\\manol\\\\OneDrive\\\\Documentos\\\\trabajo\\\\benserca\\\\dataconnect\": could not find dataconnect.yaml in `c:\\Users\\manol\\OneDrive\\Documentos\\trabajo\\benserca\\dataconnect`\n"}}
[debug] [2026-07-17T12:00:14.786Z] E0717 08:00:14.786270    1912 watch.go:116] watchAllDir unable to walk dir `c:\Users\manol\OneDrive\Documentos\trabajo\benserca\dataconnect`: GetFileAttributesEx c:\Users\manol\OneDrive\Documentos\trabajo\benserca\dataconnect: The system cannot find the file specified.
 {"metadata":{"emulator":{"name":"dataconnect"},"message":"E0717 08:00:14.786270    1912 watch.go:116] watchAllDir unable to walk dir `c:\\Users\\manol\\OneDrive\\Documentos\\trabajo\\benserca\\dataconnect`: GetFileAttributesEx c:\\Users\\manol\\OneDrive\\Documentos\\trabajo\\benserca\\dataconnect: The system cannot find the file specified.\n"}}
[debug] [2026-07-17T12:00:14.787Z] E0717 08:00:14.787070    1912 watch.go:40] Failed to load config from "c:\\Users\\manol\\OneDrive\\Documentos\\trabajo\\benserca\\dataconnect": could not find dataconnect.yaml in `c:\Users\manol\OneDrive\Documentos\trabajo\benserca\dataconnect`
 {"metadata":{"emulator":{"name":"dataconnect"},"message":"E0717 08:00:14.787070    1912 watch.go:40] Failed to load config from \"c:\\\\Users\\\\manol\\\\OneDrive\\\\Documentos\\\\trabajo\\\\benserca\\\\dataconnect\": could not find dataconnect.yaml in `c:\\Users\\manol\\OneDrive\\Documentos\\trabajo\\benserca\\dataconnect`\n"}}
